*** Using Compiler 'V6.22', folder: 'C:\Users\Li\AppData\Local\Keil_v5\ARM\ARMCLANG\Bin'
Rebuild target 'ground_f103_standalone_disabled'
compiling dc_byte_ring.c...
compiling main_hooks.c...
compiling main.c...
compiling stm32f1xx_hal_dma.c...
compiling dc_stm32_port.c...
compiling board_peripherals.c...
compiling system_stm32f1xx.c...
compiling dc_protocol.c...
compiling stm32f1xx_hal.c...
compiling dc_stm32_app.c...
compiling dc_node.c...
compiling stm32f1xx_hal_uart.c...
compiling dc_radio.c...
compiling stm32f1xx_hal_spi.c...
assembling startup_stm32f103xb.s...
compiling stm32f1xx_hal_gpio.c...
compiling stm32f1xx_hal_rcc_ex.c...
compiling stm32f1xx_hal_pwr.c...
compiling stm32f1xx_hal_flash.c...
compiling stm32f1xx_hal_cortex.c...
compiling stm32f1xx_hal_flash_ex.c...
compiling stm32f1xx_hal_rcc.c...
linking...
Program Size: Code=14432 RO-data=360 RW-data=4 ZI-data=9172  
"..\..\..\build\stm32_standalone\default_disabled\ground_f103\ground_f103_disabled.axf" - 0 Error(s), 0 Warning(s).
Build Time Elapsed:  00:00:07
