*** Using Compiler 'V6.22', folder: 'C:\Users\Li\AppData\Local\Keil_v5\ARM\ARMCLANG\Bin'
Rebuild target 'ground_f407'
compiling stm32f4xx_hal_rcc.c...
compiling stm32f4xx_it.c...
../Drivers/STM32F4xx_HAL_Driver/Src/stm32f4xx_hal_flash_ex.c(948): warning: unused parameter 'Banks' [-Wunused-parameter]
  948 | static void FLASH_MassErase(uint8_t VoltageRange, uint32_t Banks)
      |                                                            ^
../Drivers/STM32F4xx_HAL_Driver/Src/stm32f4xx_hal_flash_ex.c(1027): warning: unused parameter 'Banks' [-Wunused-parameter]
 1027 | static HAL_StatusTypeDef FLASH_OB_EnableWRP(uint32_t WRPSector, uint32_t Banks)
      |                                                                          ^
../Drivers/STM32F4xx_HAL_Driver/Src/stm32f4xx_hal_flash_ex.c(1063): warning: unused parameter 'Banks' [-Wunused-parameter]
 1063 | static HAL_StatusTypeDef FLASH_OB_DisableWRP(uint32_t WRPSector, uint32_t Banks)
      |                                                                           ^
3 warnings generated.
compiling stm32f4xx_hal_flash_ex.c...
compiling stm32f4xx_hal_msp.c...
compiling dma.c...
compiling gpio.c...
compiling stm32f4xx_hal_flash_ramfunc.c...
compiling usart.c...
compiling rng.c...
compiling stm32f4xx_hal_flash.c...
compiling main.c...
compiling stm32f4xx_hal_rcc_ex.c...
assembling startup_stm32f407xx.s...
compiling stm32f4xx_hal_rng.c...
compiling stm32f4xx_hal_gpio.c...
compiling stm32f4xx_hal_dma_ex.c...
compiling stm32f4xx_hal_pwr.c...
compiling stm32f4xx_hal_pwr_ex.c...
compiling stm32f4xx_hal.c...
compiling stm32f4xx_hal_cortex.c...
compiling system_stm32f4xx.c...
compiling stm32f4xx_hal_exti.c...
compiling stm32f4xx_hal_dma.c...
compiling stm32f4xx_hal_uart.c...
linking...
Program Size: Code=7328 RO-data=456 RW-data=12 ZI-data=5068  
FromELF: creating hex file...
"..\..\..\..\..\build\cubemx_delivery\ground_f407\ground_f407.axf" - 0 Error(s), 3 Warning(s).
Build Time Elapsed:  00:00:07
