*** Using Compiler 'V6.22', folder: 'C:\Users\Li\AppData\Local\Keil_v5\ARM\ARMCLANG\Bin'
Build target 'ground_f103'
compiling stm32f1xx_hal_gpio_ex.c...
compiling gpio.c...
compiling stm32f1xx_it.c...
compiling stm32f1xx_hal_rcc_ex.c...
compiling stm32f1xx_hal_gpio.c...
compiling dma.c...
compiling main.c...
compiling spi.c...
compiling usart.c...
compiling stm32f1xx_hal_msp.c...
compiling stm32f1xx_hal.c...
assembling startup_stm32f103xb.s...
compiling stm32f1xx_hal_dma.c...
compiling stm32f1xx_hal_rcc.c...
compiling stm32f1xx_hal_cortex.c...
compiling stm32f1xx_hal_pwr.c...
compiling stm32f1xx_hal_flash.c...
compiling stm32f1xx_hal_spi.c...
compiling system_stm32f1xx.c...
compiling stm32f1xx_hal_exti.c...
compiling stm32f1xx_hal_flash_ex.c...
compiling stm32f1xx_hal_uart.c...
linking...
Program Size: Code=6726 RO-data=310 RW-data=12 ZI-data=4940  
FromELF: creating hex file...
"ground_f103\ground_f103.axf" - 0 Error(s), 0 Warning(s).
Build Time Elapsed:  00:00:02
