*** Using Compiler 'V6.22', folder: 'C:\Users\Li\AppData\Local\Keil_v5\ARM\ARMCLANG\Bin'
Rebuild target 'air_f407_enabled_link_only_DO_NOT_FLASH'
compiling system_stm32f4xx.c...
compiling stm32f4xx_hal_dma.c...
compiling dc_stm32_app.c...
compiling main.c...
compiling dc_byte_ring.c...
compiling dc_protocol.c...
compiling main_hooks.c...
compiling stm32f4xx_hal_uart.c...
compiling stm32f4xx_hal.c...
compiling board_peripherals.c...
armclang: warning: '--target=armv7em-arm-none-eabi' is not supported. Supported values for this option are 'arm-arm-none-eabi' or 'aarch64-arm-none-eabi' [-Wunsupported-option]
assembling startup_stm32f407xx.s...
compiling stm32f4xx_hal_spi.c...
compiling dc_radio.c...
compiling dc_node.c...
compiling dc_stm32_port.c...
compiling stm32f4xx_hal_gpio.c...
compiling stm32f4xx_hal_rcc.c...
compiling stm32f4xx_hal_cortex.c...
compiling stm32f4xx_hal_rcc_ex.c...
compiling stm32f4xx_hal_pwr_ex.c...
compiling stm32f4xx_hal_rng.c...
compiling stm32f4xx_hal_pwr.c...
../../../../deps/stm32f4xx-hal-driver-1.8.5/Src/stm32f4xx_hal_flash_ex.c(948): warning: unused parameter 'Banks' [-Wunused-parameter]
  948 | static void FLASH_MassErase(uint8_t VoltageRange, uint32_t Banks)
      |                                                            ^
../../../../deps/stm32f4xx-hal-driver-1.8.5/Src/stm32f4xx_hal_flash_ex.c(1027): warning: unused parameter 'Banks' [-Wunused-parameter]
 1027 | static HAL_StatusTypeDef FLASH_OB_EnableWRP(uint32_t WRPSector, uint32_t Banks)
      |                                                                          ^
../../../../deps/stm32f4xx-hal-driver-1.8.5/Src/stm32f4xx_hal_flash_ex.c(1063): warning: unused parameter 'Banks' [-Wunused-parameter]
 1063 | static HAL_StatusTypeDef FLASH_OB_DisableWRP(uint32_t WRPSector, uint32_t Banks)
      |                                                                           ^
3 warnings generated.
compiling stm32f4xx_hal_flash_ex.c...
compiling stm32f4xx_hal_flash.c...
linking...
Program Size: Code=18758 RO-data=534 RW-data=12 ZI-data=9116  
"..\air_f407\air_f407_LINK_ONLY_DO_NOT_FLASH.axf" - 0 Error(s), 4 Warning(s).
Build Time Elapsed:  00:00:07
