*** Using Compiler 'V6.22', folder: 'C:\Users\Li\AppData\Local\Keil_v5\ARM\ARMCLANG\Bin'
Rebuild target 'ground_f103_enabled_link_only_DO_NOT_FLASH'
assembling startup_stm32f103xb.s...
compiling dc_byte_ring.c...
compiling main.c...
compiling dc_node.c...
compiling dc_stm32_port.c...
compiling system_stm32f1xx.c...
compiling main_hooks.c...
compiling stm32f1xx_hal.c...
compiling board_peripherals.c...
compiling stm32f1xx_hal_dma.c...
compiling dc_protocol.c...
compiling dc_stm32_app.c...
compiling stm32f1xx_hal_spi.c...
compiling dc_radio.c...
compiling stm32f1xx_hal_uart.c...
compiling stm32f1xx_hal_gpio.c...
compiling stm32f1xx_hal_pwr.c...
compiling stm32f1xx_hal_rcc_ex.c...
compiling stm32f1xx_hal_rcc.c...
compiling stm32f1xx_hal_cortex.c...
compiling stm32f1xx_hal_flash.c...
compiling stm32f1xx_hal_flash_ex.c...
linking...
Program Size: Code=21582 RO-data=402 RW-data=12 ZI-data=9284  
"..\ground_f103\ground_f103_LINK_ONLY_DO_NOT_FLASH.axf" - 0 Error(s), 0 Warning(s).
Build Time Elapsed:  00:00:07
