
****** Vivado v2017.4 (64-bit)
  **** SW Build 2086221 on Fri Dec 15 20:55:39 MST 2017
  **** IP Build 2085800 on Fri Dec 15 22:25:07 MST 2017
    ** Copyright 1986-2017 Xilinx, Inc. All Rights Reserved.

source {C:\Users\Li\Desktop\Engineering\drone_comm\tools\check_zynq_7020_pins.tcl}
# set root [file normalize [file join [file dirname [info script]] ..]]
# set base [file join $root build zynq_validation]
# set out [file join $root build zynq_7020_pincheck]
# if {$argc > 0} { set out [file normalize [lindex $argv 0]] }
# if {[file exists $out]} { error "Refusing an existing output directory: $out" }
# set top_src [file join $base project dc_uart_validation.runs synth_1 system_wrapper.dcp]
# set ps_src [file join $base input ip system_processing_system7_0_0 system_processing_system7_0_0.dcp]
# set reset_src [file join $base input ip system_rst_ps7_0_100M_0 system_rst_ps7_0_100M_0.dcp]
# set xdc_src [file join $root platforms zynq navigator_7020_uart1.xdc]
# foreach src [list $top_src $ps_src $reset_src $xdc_src] {
#     if {![file isfile $src]} { error "Required source not found: $src" }
# }
# file mkdir $out
# set inputs [file join $out input]
# file mkdir $inputs
# set top [file join $inputs system_wrapper.dcp]
# set ps [file join $inputs system_processing_system7_0_0.dcp]
# set reset [file join $inputs system_rst_ps7_0_100M_0.dcp]
# set xdc [file join $inputs navigator_7020_uart1.xdc]
# foreach src [list $top_src $ps_src $reset_src $xdc_src] dest [list $top $ps $reset $xdc] {
#     file copy $src $dest
# }
# set status [open [file join $out status.tsv] w]
# proc record {key value} {
#     global status
#     puts $status "$key\t$value"
#     flush $status
# }
# record tool_version [version -short]
# record model7020_user_confirmed true
# record actual_vcco_measured false
# record default_vcco_source "official core-board 2V5 schematic page 7; BANK13 default 3.3V"
# record board_ready false
# record bitstream_generated false
# record board_tested false
# record step copying_complete
Command: open_checkpoint C:/Users/Li/Desktop/Engineering/drone_comm/build/zynq_7020_pincheck/input/system_wrapper.dcp

Starting open_checkpoint Task

Time (s): cpu = 00:00:00 ; elapsed = 00:00:00.022 . Memory (MB): peak = 227.867 ; gain = 0.000
INFO: [Netlist 29-17] Analyzing 1 Unisim elements for replacement
INFO: [Netlist 29-28] Unisim Transformation completed in 0 CPU seconds
INFO: [Project 1-479] Netlist was created with Vivado 2017.4
INFO: [Device 21-403] Loading part xc7z020clg400-2
INFO: [Project 1-570] Preparing netlist for logic optimization
CRITICAL WARNING: [Project 1-486] Could not resolve non-primitive black box cell 'system_processing_system7_0_0' instantiated as 'system_i/processing_system7_0' [C:/Users/Li/Desktop/Engineering/drone_comm/build/zynq_validation/input/synth/system.v:89]
CRITICAL WARNING: [Project 1-486] Could not resolve non-primitive black box cell 'system_rst_ps7_0_100M_0' instantiated as 'system_i/rst_ps7_0_100M' [C:/Users/Li/Desktop/Engineering/drone_comm/build/zynq_validation/input/synth/system.v:158]
INFO: [Project 1-111] Unisim Transformation Summary:
No Unisim elements were transformed.

INFO: [Project 1-604] Checkpoint was created with Vivado v2017.4 (64-bit) build 2086221
open_checkpoint: Time (s): cpu = 00:00:04 ; elapsed = 00:00:06 . Memory (MB): peak = 568.375 ; gain = 342.367
Command: read_checkpoint -cell system_i/processing_system7_0 C:/Users/Li/Desktop/Engineering/drone_comm/build/zynq_7020_pincheck/input/system_processing_system7_0_0.dcp
CRITICAL WARNING: [Vivado 12-5469] The design checkpoint file 'C:/Users/Li/Desktop/Engineering/drone_comm/build/zynq_7020_pincheck/input/system_processing_system7_0_0.dcp' was generated for an IP by an out of context synthesis run and should not directly be used as a source in a Vivado flow. It is strongly recommended that that the original IP source file (.xci) be used.
Command: read_checkpoint -cell system_i/rst_ps7_0_100M C:/Users/Li/Desktop/Engineering/drone_comm/build/zynq_7020_pincheck/input/system_rst_ps7_0_100M_0.dcp
CRITICAL WARNING: [Vivado 12-5469] The design checkpoint file 'C:/Users/Li/Desktop/Engineering/drone_comm/build/zynq_7020_pincheck/input/system_rst_ps7_0_100M_0.dcp' was generated for an IP by an out of context synthesis run and should not directly be used as a source in a Vivado flow. It is strongly recommended that that the original IP source file (.xci) be used.
# set failure [catch {
#     open_checkpoint $top
#     record part [get_property PART [current_project]]
#     if {[get_property PART [current_project]] ne "xc7z020clg400-2"} {
#         error "Expected audited xc7z020clg400-2 target"
#     }
#     record top_black_boxes_before [llength [get_cells -quiet -hierarchical -filter {IS_BLACKBOX == 1}]]
#     foreach cell [get_cells -quiet -hierarchical -filter {IS_BLACKBOX == 1}] {
#         record black_box_before "[get_property NAME $cell]|[get_property REF_NAME $cell]"
#     }
#     # Top synth checkpoint intentionally leaves OOC IP black boxes. Stitch
#     # matching copied IP DCPs before implementation; no original project is opened.
#     set ps_cell [get_cells -quiet system_i/processing_system7_0]
#     if {[llength $ps_cell] != 1} { error "Expected PS7 hierarchy cell" }
#     if {[get_property IS_BLACKBOX $ps_cell]} {
#         read_checkpoint -cell system_i/processing_system7_0 $ps
#         record ps_checkpoint_stitched true
#     } else { record ps_checkpoint_stitched false }
#     set reset_cell [get_cells -quiet system_i/rst_ps7_0_100M]
#     if {[llength $reset_cell] == 1 && [get_property IS_BLACKBOX $reset_cell]} {
#         read_checkpoint -cell system_i/rst_ps7_0_100M $reset
#         record reset_checkpoint_stitched true
#     } else { record reset_checkpoint_stitched false }
#     set boxes [get_cells -quiet -hierarchical -filter {IS_BLACKBOX == 1}]
#     record top_black_boxes_after [llength $boxes]
#     if {[llength $boxes] != 0} { error "Remaining black boxes: $boxes" }
#     foreach pin_name {U5 T5} {
#         set pin [get_package_pins -quiet $pin_name]
#         if {[llength $pin] != 1} { error "Package pin unavailable: $pin_name" }
#         redirect -file [file join $out ${pin_name}_package_properties.rpt] {
#             report_property -all $pin
#         }
#         foreach property {NAME BANK PIN_FUNC SITE IS_BONDED IS_GENERAL_PURPOSE} {
#             if {[lsearch -exact [list_property $pin] $property] >= 0} {
#                 record pin_${pin_name}_${property} [get_property $property $pin]
#             }
#         }
#         if {[get_property BANK $pin] != 13} { error "$pin_name is not in BANK13" }
#     }
#     read_xdc $xdc
#     foreach name {COMM_UART1_rxd COMM_UART1_txd} {
#         set port [get_ports -quiet $name]
#         record port_${name}_DIRECTION [get_property DIRECTION $port]
#         record port_${name}_PACKAGE_PIN [get_property PACKAGE_PIN $port]
#         record port_${name}_IOSTANDARD [get_property IOSTANDARD $port]
#         if {[get_property IOSTANDARD $port] ne "LVCMOS33"} { error "$name IOSTANDARD differs" }
#     }
#     if {[get_property DIRECTION [get_ports COMM_UART1_rxd]] ne "IN" ||
#         [get_property DIRECTION [get_ports COMM_UART1_txd]] ne "OUT"} {
#         error "UART1 direction mismatch"
#     }
#     record step constraints_loaded
#     opt_design
#     record step opt_completed
#     place_design
#     record step place_completed
#     route_design
#     record step route_completed
#     write_checkpoint [file join $out uart1_routed.dcp]
#     report_drc -file [file join $out drc.rpt]
#     report_timing_summary -report_unconstrained -file [file join $out timing_summary.rpt]
#     check_timing -verbose -file [file join $out check_timing.rpt]
#     report_io -file [file join $out io.rpt]
#     report_route_status -file [file join $out route_status.rpt]
#     report_utilization -file [file join $out utilization.rpt]
#     record clocks [get_clocks -quiet]
#     set drc_count 0
#     set drc_blocking 0
#     foreach violation [get_drc_violations -quiet] {
#         incr drc_count
#         set severity [get_property SEVERITY $violation]
#         record drc_violation "[get_property NAME $violation]|$severity|[get_property DESCRIPTION $violation]"
#         if {$severity eq "Error" || $severity eq "Critical Warning"} { incr drc_blocking }
#     }
#     record drc_violation_count $drc_count
#     record drc_blocking_count $drc_blocking
#     if {$drc_blocking > 0} { error "Blocking DRC violations: $drc_blocking" }
#     record passed true
#     record step reports_completed
# } message options]
# if {$failure} {
#     record passed false
#     record failure $message
#     if {[dict exists $options -errorinfo]} {
#         set errorfile [open [file join $out error_info.txt] w]
#         puts $errorfile [dict get $options -errorinfo]
#         close $errorfile
#     }
# }
# close $status
# catch {close_design}
# catch {close_project}
# if {$failure} { error "Independent UART1 pin/implementation check failed: $message" }
ERROR: [Common 17-53] User Exception: No open project. Please create or open a project before executing this command.
INFO: [Common 17-206] Exiting Vivado at Mon Oct  5 19:53:27 2026...
